// Jest Snapshot v1, https://goo.gl/fbAQLP

exports[`Page Header Component should render properly 1`] = `
<header
  class="PageHeader u-grid"
>
  <div
    class="PageHeader-topLeft u-grid"
  >
    <button
      class="PageHeader-topLeft-button is-Active"
      type="button"
    >
      <span />
      <span />
      <span />
    </button>
    <div
      class="PageHeader-logo"
    />
    <form
      class="PageHeader-search"
    >
      <input
        class="PageHeader-searchField"
        name="search"
        placeholder="Suche hier nach Usern oder Gruppen..."
        type="text"
        value=""
      />
      <button
        aria-label="Label"
        class="PageHeader-searchButton"
        type="submit"
      >
        <svg />
      </button>
    </form>
  </div>
  <div
    class="PageHeader-topRight u-grid"
  />
</header>
`;
